// Jest Snapshot v1, https://goo.gl/fbAQLP

exports[`Bilingual renders successfully 1`] = `
<div class="hello">
  Hello world!
</div>
`;
